1784736763.815913
1784736856.359412
1784751048.084828
1784837092.399206
1784923406.764761
1785096173.480551
1785269082.431587
1785441819.776596
1785528259.969948
1785614683.006995
1785701067.176095
1785873825.78153
1786524587.421289
1786566075.605869
1786651792.215371
1786824152.737936
1786910506.460598
1786996911.489458
1787239703.468568
1787256718.702436
1787342538.414171
1787428986.809188
1787508334.922379
1787688206.045994
1787774637.543612
1787860961.413721
1788093048.630166
1788120183.654722
1788206634.060844
1788775096.822337
1788831780.721635
1788897911.554813
1788984136.852741
1789097875.615492
1789156916.741244
1789243328.016668
1789329789.78204
1789416194.857564
1789502554.52513
1790390304.325322
